// Vitest Snapshot v1, https://vitest.dev/guide/snapshot.html

exports[`Snapshot testing of Filtering > should perform snapshot test Filtering 1`] = `
{
  "asFragment": [Function],
  "baseElement": <body
    style=""
  >
    <div>
      <div
        class="MuiFormControl-root css-1nrlq1o-MuiFormControl-root"
      >
        <label
          class="MuiFormLabel-root MuiInputLabel-root MuiInputLabel-formControl MuiInputLabel-animated MuiInputLabel-shrink MuiInputLabel-sizeMedium MuiInputLabel-outlined MuiFormLabel-colorPrimary MuiFormLabel-filled Mui-focused MuiInputLabel-root MuiInputLabel-formControl MuiInputLabel-animated MuiInputLabel-shrink MuiInputLabel-sizeMedium MuiInputLabel-outlined css-1jy569b-MuiFormLabel-root-MuiInputLabel-root"
          data-shrink="true"
        >
          Course
        </label>
        <div
          class="MuiInputBase-root MuiOutlinedInput-root MuiInputBase-colorPrimary Mui-focused MuiInputBase-formControl  css-1yk1gt9-MuiInputBase-root-MuiOutlinedInput-root-MuiSelect-root"
        >
          <div
            aria-expanded="false"
            aria-haspopup="listbox"
            aria-labelledby="demo-simple-select-label demo-simple-select"
            class="MuiSelect-select MuiSelect-outlined MuiInputBase-input MuiOutlinedInput-input css-11u53oe-MuiSelect-select-MuiInputBase-input-MuiOutlinedInput-input"
            id="demo-simple-select"
            role="button"
            tabindex="0"
          >
            No filter
          </div>
          <input
            aria-hidden="true"
            aria-invalid="false"
            class="MuiSelect-nativeInput css-yf8vq0-MuiSelect-nativeInput"
            tabindex="-1"
            value="default"
          />
          <svg
            aria-hidden="true"
            class="MuiSvgIcon-root MuiSvgIcon-fontSizeMedium MuiSelect-icon MuiSelect-iconOutlined css-hfutr2-MuiSvgIcon-root-MuiSelect-icon"
            data-testid="ArrowDropDownIcon"
            focusable="false"
            viewBox="0 0 24 24"
          >
            <path
              d="M7 10l5 5 5-5z"
            />
          </svg>
          <fieldset
            aria-hidden="true"
            class="MuiOutlinedInput-notchedOutline css-1d3z3hw-MuiOutlinedInput-notchedOutline"
          >
            <legend
              class="css-14lo706"
            >
              <span>
                Course
              </span>
            </legend>
          </fieldset>
        </div>
      </div>
    </div>
    <div
      aria-hidden="true"
      class="MuiMenu-root MuiPopover-root MuiModal-root css-10nakn3-MuiModal-root-MuiPopover-root-MuiMenu-root"
      id="menu-"
      role="presentation"
    >
      <div
        aria-hidden="true"
        class="MuiBackdrop-root MuiBackdrop-invisible MuiModal-backdrop css-g3hgs1-MuiBackdrop-root-MuiModal-backdrop"
        style="opacity: 0; webkit-transition: opacity 195ms cubic-bezier(0.4, 0, 0.2, 1) 0ms; transition: opacity 195ms cubic-bezier(0.4, 0, 0.2, 1) 0ms;"
      />
      <div
        data-testid="sentinelStart"
        tabindex="-1"
      />
      <div
        class="MuiPaper-root MuiPaper-elevation MuiPaper-rounded MuiPaper-elevation8 MuiMenu-paper MuiPopover-paper MuiMenu-paper css-3dzjca-MuiPaper-root-MuiPopover-paper-MuiMenu-paper"
        style="opacity: 0; transform: scale(0.75, 0.5625); min-width: 0; transition: opacity 0ms cubic-bezier(0.4, 0, 0.2, 1) 0ms,transform 0ms cubic-bezier(0.4, 0, 0.2, 1) 0ms; top: 16px; left: 16px; transform-origin: -16px -16px;"
        tabindex="-1"
      >
        <ul
          aria-labelledby="demo-simple-select-label"
          class="MuiList-root MuiList-padding MuiMenu-list css-6hp17o-MuiList-root-MuiMenu-list"
          role="listbox"
          tabindex="-1"
        >
          <li
            aria-selected="true"
            class="MuiButtonBase-root MuiMenuItem-root MuiMenuItem-gutters Mui-selected MuiMenuItem-root MuiMenuItem-gutters Mui-selected css-kk1bwy-MuiButtonBase-root-MuiMenuItem-root"
            data-value="default"
            role="option"
            tabindex="0"
          >
            No filter
            <span
              class="MuiTouchRipple-root css-8je8zh-MuiTouchRipple-root"
            />
          </li>
          <li
            aria-selected="false"
            class="MuiButtonBase-root MuiMenuItem-root MuiMenuItem-gutters MuiMenuItem-root MuiMenuItem-gutters css-kk1bwy-MuiButtonBase-root-MuiMenuItem-root"
            data-value="Lunch"
            role="option"
            tabindex="-1"
          >
            Lunch
            <span
              class="MuiTouchRipple-root css-8je8zh-MuiTouchRipple-root"
            />
          </li>
          <li
            aria-selected="false"
            class="MuiButtonBase-root MuiMenuItem-root MuiMenuItem-gutters MuiMenuItem-root MuiMenuItem-gutters css-kk1bwy-MuiButtonBase-root-MuiMenuItem-root"
            data-value="Dinner"
            role="option"
            tabindex="-1"
          >
            Dinner
            <span
              class="MuiTouchRipple-root css-8je8zh-MuiTouchRipple-root"
            >
              <span
                class="css-y4cjyz-MuiTouchRipple-ripple MuiTouchRipple-ripple MuiTouchRipple-rippleVisible"
                style="width: 2.8284271247461903px; height: 2.8284271247461903px; top: -1.4142135623730951px; left: -1.4142135623730951px;"
              >
                <span
                  class="MuiTouchRipple-child"
                />
              </span>
            </span>
          </li>
          <li
            aria-selected="false"
            class="MuiButtonBase-root MuiMenuItem-root MuiMenuItem-gutters MuiMenuItem-root MuiMenuItem-gutters css-kk1bwy-MuiButtonBase-root-MuiMenuItem-root"
            data-value="Side Dish"
            role="option"
            tabindex="-1"
          >
            Side Dish
            <span
              class="MuiTouchRipple-root css-8je8zh-MuiTouchRipple-root"
            />
          </li>
          <li
            aria-selected="false"
            class="MuiButtonBase-root MuiMenuItem-root MuiMenuItem-gutters MuiMenuItem-root MuiMenuItem-gutters css-kk1bwy-MuiButtonBase-root-MuiMenuItem-root"
            data-value="Dessert"
            role="option"
            tabindex="-1"
          >
            Dessert
            <span
              class="MuiTouchRipple-root css-8je8zh-MuiTouchRipple-root"
            />
          </li>
          <li
            aria-selected="false"
            class="MuiButtonBase-root MuiMenuItem-root MuiMenuItem-gutters MuiMenuItem-root MuiMenuItem-gutters css-kk1bwy-MuiButtonBase-root-MuiMenuItem-root"
            data-value="South Indian Breakfast"
            role="option"
            tabindex="-1"
          >
            South Indian Breakfast
            <span
              class="MuiTouchRipple-root css-8je8zh-MuiTouchRipple-root"
            />
          </li>
          <li
            aria-selected="false"
            class="MuiButtonBase-root MuiMenuItem-root MuiMenuItem-gutters MuiMenuItem-root MuiMenuItem-gutters css-kk1bwy-MuiButtonBase-root-MuiMenuItem-root"
            data-value="Snack"
            role="option"
            tabindex="-1"
          >
            Snack
            <span
              class="MuiTouchRipple-root css-8je8zh-MuiTouchRipple-root"
            />
          </li>
          <li
            aria-selected="false"
            class="MuiButtonBase-root MuiMenuItem-root MuiMenuItem-gutters MuiMenuItem-root MuiMenuItem-gutters css-kk1bwy-MuiButtonBase-root-MuiMenuItem-root"
            data-value="Main Course"
            role="option"
            tabindex="-1"
          >
            Main Course
            <span
              class="MuiTouchRipple-root css-8je8zh-MuiTouchRipple-root"
            />
          </li>
          <li
            aria-selected="false"
            class="MuiButtonBase-root MuiMenuItem-root MuiMenuItem-gutters MuiMenuItem-root MuiMenuItem-gutters css-kk1bwy-MuiButtonBase-root-MuiMenuItem-root"
            data-value="North Indian Breakfast"
            role="option"
            tabindex="-1"
          >
            North Indian Breakfast
            <span
              class="MuiTouchRipple-root css-8je8zh-MuiTouchRipple-root"
            />
          </li>
        </ul>
      </div>
      <div
        data-testid="sentinelEnd"
        tabindex="-1"
      />
    </div>
    <div>
      <div
        class="MuiFormControl-root css-1nrlq1o-MuiFormControl-root"
      >
        <label
          class="MuiFormLabel-root MuiInputLabel-root MuiInputLabel-formControl MuiInputLabel-animated MuiInputLabel-shrink MuiInputLabel-sizeMedium MuiInputLabel-outlined MuiFormLabel-colorPrimary MuiFormLabel-filled MuiInputLabel-root MuiInputLabel-formControl MuiInputLabel-animated MuiInputLabel-shrink MuiInputLabel-sizeMedium MuiInputLabel-outlined css-1jy569b-MuiFormLabel-root-MuiInputLabel-root"
          data-shrink="true"
        >
          Course
        </label>
        <div
          class="MuiInputBase-root MuiOutlinedInput-root MuiInputBase-colorPrimary MuiInputBase-formControl  css-1yk1gt9-MuiInputBase-root-MuiOutlinedInput-root-MuiSelect-root"
        >
          <div
            aria-expanded="false"
            aria-haspopup="listbox"
            aria-labelledby="demo-simple-select-label demo-simple-select"
            class="MuiSelect-select MuiSelect-outlined MuiInputBase-input MuiOutlinedInput-input css-11u53oe-MuiSelect-select-MuiInputBase-input-MuiOutlinedInput-input"
            id="demo-simple-select"
            role="button"
            tabindex="0"
          >
            No filter
          </div>
          <input
            aria-hidden="true"
            aria-invalid="false"
            class="MuiSelect-nativeInput css-yf8vq0-MuiSelect-nativeInput"
            tabindex="-1"
            value="default"
          />
          <svg
            aria-hidden="true"
            class="MuiSvgIcon-root MuiSvgIcon-fontSizeMedium MuiSelect-icon MuiSelect-iconOutlined css-hfutr2-MuiSvgIcon-root-MuiSelect-icon"
            data-testid="ArrowDropDownIcon"
            focusable="false"
            viewBox="0 0 24 24"
          >
            <path
              d="M7 10l5 5 5-5z"
            />
          </svg>
          <fieldset
            aria-hidden="true"
            class="MuiOutlinedInput-notchedOutline css-1d3z3hw-MuiOutlinedInput-notchedOutline"
          >
            <legend
              class="css-14lo706"
            >
              <span>
                Course
              </span>
            </legend>
          </fieldset>
        </div>
      </div>
    </div>
  </body>,
  "container": <div>
    <div
      class="MuiFormControl-root css-1nrlq1o-MuiFormControl-root"
    >
      <label
        class="MuiFormLabel-root MuiInputLabel-root MuiInputLabel-formControl MuiInputLabel-animated MuiInputLabel-shrink MuiInputLabel-sizeMedium MuiInputLabel-outlined MuiFormLabel-colorPrimary MuiFormLabel-filled MuiInputLabel-root MuiInputLabel-formControl MuiInputLabel-animated MuiInputLabel-shrink MuiInputLabel-sizeMedium MuiInputLabel-outlined css-1jy569b-MuiFormLabel-root-MuiInputLabel-root"
        data-shrink="true"
      >
        Course
      </label>
      <div
        class="MuiInputBase-root MuiOutlinedInput-root MuiInputBase-colorPrimary MuiInputBase-formControl  css-1yk1gt9-MuiInputBase-root-MuiOutlinedInput-root-MuiSelect-root"
      >
        <div
          aria-expanded="false"
          aria-haspopup="listbox"
          aria-labelledby="demo-simple-select-label demo-simple-select"
          class="MuiSelect-select MuiSelect-outlined MuiInputBase-input MuiOutlinedInput-input css-11u53oe-MuiSelect-select-MuiInputBase-input-MuiOutlinedInput-input"
          id="demo-simple-select"
          role="button"
          tabindex="0"
        >
          No filter
        </div>
        <input
          aria-hidden="true"
          aria-invalid="false"
          class="MuiSelect-nativeInput css-yf8vq0-MuiSelect-nativeInput"
          tabindex="-1"
          value="default"
        />
        <svg
          aria-hidden="true"
          class="MuiSvgIcon-root MuiSvgIcon-fontSizeMedium MuiSelect-icon MuiSelect-iconOutlined css-hfutr2-MuiSvgIcon-root-MuiSelect-icon"
          data-testid="ArrowDropDownIcon"
          focusable="false"
          viewBox="0 0 24 24"
        >
          <path
            d="M7 10l5 5 5-5z"
          />
        </svg>
        <fieldset
          aria-hidden="true"
          class="MuiOutlinedInput-notchedOutline css-1d3z3hw-MuiOutlinedInput-notchedOutline"
        >
          <legend
            class="css-14lo706"
          >
            <span>
              Course
            </span>
          </legend>
        </fieldset>
      </div>
    </div>
  </div>,
  "debug": [Function],
  "findAllByAltText": [Function],
  "findAllByDisplayValue": [Function],
  "findAllByLabelText": [Function],
  "findAllByPlaceholderText": [Function],
  "findAllByRole": [Function],
  "findAllByTestId": [Function],
  "findAllByText": [Function],
  "findAllByTitle": [Function],
  "findByAltText": [Function],
  "findByDisplayValue": [Function],
  "findByLabelText": [Function],
  "findByPlaceholderText": [Function],
  "findByRole": [Function],
  "findByTestId": [Function],
  "findByText": [Function],
  "findByTitle": [Function],
  "getAllByAltText": [Function],
  "getAllByDisplayValue": [Function],
  "getAllByLabelText": [Function],
  "getAllByPlaceholderText": [Function],
  "getAllByRole": [Function],
  "getAllByTestId": [Function],
  "getAllByText": [Function],
  "getAllByTitle": [Function],
  "getByAltText": [Function],
  "getByDisplayValue": [Function],
  "getByLabelText": [Function],
  "getByPlaceholderText": [Function],
  "getByRole": [Function],
  "getByTestId": [Function],
  "getByText": [Function],
  "getByTitle": [Function],
  "queryAllByAltText": [Function],
  "queryAllByDisplayValue": [Function],
  "queryAllByLabelText": [Function],
  "queryAllByPlaceholderText": [Function],
  "queryAllByRole": [Function],
  "queryAllByTestId": [Function],
  "queryAllByText": [Function],
  "queryAllByTitle": [Function],
  "queryByAltText": [Function],
  "queryByDisplayValue": [Function],
  "queryByLabelText": [Function],
  "queryByPlaceholderText": [Function],
  "queryByRole": [Function],
  "queryByTestId": [Function],
  "queryByText": [Function],
  "queryByTitle": [Function],
  "rerender": [Function],
  "unmount": [Function],
}
`;
