// Vitest Snapshot v1, https://vitest.dev/guide/snapshot.html

exports[`Snapshot testing of Navbar > should perform snapshot test Navbar 1`] = `
{
  "asFragment": [Function],
  "baseElement": <body>
    <div>
      <div
        class="navbar-container"
      >
        <nav
          class="nav"
        >
          <div
            class="left-content"
          >
            <h2>
              <a
                href="/"
              >
                Recipes4You
              </a>
            </h2>
          </div>
          <div
            class="right-content"
          >
            <p>
              <a
                href="/MyRatings"
              >
                My Ratings
              </a>
            </p>
            <p>
              <a
                href="/MyFavorites"
              >
                My Favorites
              </a>
            </p>
          </div>
        </nav>
      </div>
    </div>
    <div>
      <div
        class="navbar-container"
      >
        <nav
          class="nav"
        >
          <div
            class="left-content"
          >
            <h2>
              <a
                href="/"
              >
                Recipes4You
              </a>
            </h2>
          </div>
          <div
            class="right-content"
          >
            <p>
              <a
                href="/MyRatings"
              >
                My Ratings
              </a>
            </p>
            <p>
              <a
                href="/MyFavorites"
              >
                My Favorites
              </a>
            </p>
          </div>
        </nav>
      </div>
    </div>
  </body>,
  "container": <div>
    <div
      class="navbar-container"
    >
      <nav
        class="nav"
      >
        <div
          class="left-content"
        >
          <h2>
            <a
              href="/"
            >
              Recipes4You
            </a>
          </h2>
        </div>
        <div
          class="right-content"
        >
          <p>
            <a
              href="/MyRatings"
            >
              My Ratings
            </a>
          </p>
          <p>
            <a
              href="/MyFavorites"
            >
              My Favorites
            </a>
          </p>
        </div>
      </nav>
    </div>
  </div>,
  "debug": [Function],
  "findAllByAltText": [Function],
  "findAllByDisplayValue": [Function],
  "findAllByLabelText": [Function],
  "findAllByPlaceholderText": [Function],
  "findAllByRole": [Function],
  "findAllByTestId": [Function],
  "findAllByText": [Function],
  "findAllByTitle": [Function],
  "findByAltText": [Function],
  "findByDisplayValue": [Function],
  "findByLabelText": [Function],
  "findByPlaceholderText": [Function],
  "findByRole": [Function],
  "findByTestId": [Function],
  "findByText": [Function],
  "findByTitle": [Function],
  "getAllByAltText": [Function],
  "getAllByDisplayValue": [Function],
  "getAllByLabelText": [Function],
  "getAllByPlaceholderText": [Function],
  "getAllByRole": [Function],
  "getAllByTestId": [Function],
  "getAllByText": [Function],
  "getAllByTitle": [Function],
  "getByAltText": [Function],
  "getByDisplayValue": [Function],
  "getByLabelText": [Function],
  "getByPlaceholderText": [Function],
  "getByRole": [Function],
  "getByTestId": [Function],
  "getByText": [Function],
  "getByTitle": [Function],
  "queryAllByAltText": [Function],
  "queryAllByDisplayValue": [Function],
  "queryAllByLabelText": [Function],
  "queryAllByPlaceholderText": [Function],
  "queryAllByRole": [Function],
  "queryAllByTestId": [Function],
  "queryAllByText": [Function],
  "queryAllByTitle": [Function],
  "queryByAltText": [Function],
  "queryByDisplayValue": [Function],
  "queryByLabelText": [Function],
  "queryByPlaceholderText": [Function],
  "queryByRole": [Function],
  "queryByTestId": [Function],
  "queryByText": [Function],
  "queryByTitle": [Function],
  "rerender": [Function],
  "unmount": [Function],
}
`;
